#-----------------------------------------------------------
# Vivado v2019.1 (64-bit)
# SW Build 2552052 on Fri May 24 14:47:09 MDT 2019
# IP Build 2548770 on Fri May 24 18:01:18 MDT 2019
# Start of session at: Sun Apr 26 17:12:33 2020
# Process ID: 2268
# Current directory: /home/eecs151/conv/hardware
# Command line: vivado
# Log file: /home/eecs151/conv/hardware/vivado.log
# Journal file: /home/eecs151/conv/hardware/vivado.jou
#-----------------------------------------------------------
start_gui
open_project /home/eecs151/conv/hardware/z1top_proj/z1top_proj.xpr
update_compile_order -fileset sources_1
open_hw
connect_hw_server
open_hw_target
set_property PROGRAM.FILE {/home/eecs151/conv/hardware/z1top_proj/z1top_proj.runs/impl_1/z1top.bit} [get_hw_devices xc7z020_1]
current_hw_device [get_hw_devices xc7z020_1]
refresh_hw_device -update_hw_probes false [lindex [get_hw_devices xc7z020_1] 0]
set_property PROBES.FILE {} [get_hw_devices xc7z020_1]
set_property FULL_PROBES.FILE {} [get_hw_devices xc7z020_1]
set_property PROGRAM.FILE {/home/eecs151/conv/hardware/z1top_proj/z1top_proj.runs/impl_1/z1top.bit} [get_hw_devices xc7z020_1]
program_hw_devices [get_hw_devices xc7z020_1]
refresh_hw_device [lindex [get_hw_devices xc7z020_1] 0]
